2026-08-09 20:40:50	INFO	ℹ️ HTTP Web Server Started Listening On Port: 1212
2026-08-09 20:41:45	INFO	✅, HTTP Web Server Started Listening On Port: 1212
2026-08-09 20:42:14	INFO	✅ HTTP Web Server Started Listening On Port: 1212
2026-08-09 20:42:26	INFO	✅  HTTP Web Server Started Listening On Port: 1212
2026-08-09 20:46:53	INFO	✅  CONNECTING TO DEPEND EXTERNAL I/O SERVICES
2026-08-09 20:46:53	INFO	✅  tx: &{0x2f8a67038600 <nil> 0 0x2f8a66f7cd20 0}
2026-08-09 20:46:53	INFO	✅  PostgreSQL connected successfully
2026-08-09 20:46:53	INFO	✅  ALL EXTERNAL DEPEND SERVICES CONNECTED SUCCESSFULLY
2026-08-09 20:46:53	INFO	✅  HTTP Web Server Started Listening On Port: 1212
2026-08-09 20:50:58	INFO	✅  CONNECTING TO DEPEND EXTERNAL I/O SERVICES
2026-08-09 20:50:58	INFO	✅  tx: &{0x286d1d728600 <nil> 0 0x286d1d674d20 0}
2026-08-09 20:50:58	INFO	✅  PostgreSQL connected successfully
2026-08-09 20:50:58	INFO	✅  ALL EXTERNAL DEPEND SERVICES CONNECTED SUCCESSFULLY
2026-08-09 20:50:58	INFO	✅  Starting HTTP Server Using *GIN
2026-08-09 20:50:58	INFO	✅  HTTP Web Server Started Listening On Port: 1212
2026-08-09 20:58:22	INFO	✅  CONNECTING TO DEPEND EXTERNAL I/O SERVICES
2026-08-09 20:58:22	INFO	✅  tx: &{0x4ff91be4600 <nil> 0 0x4ff91b85680 0}
2026-08-09 20:58:22	INFO	✅  PostgreSQL connected successfully
2026-08-09 20:58:22	INFO	✅  ALL EXTERNAL DEPEND SERVICES CONNECTED SUCCESSFULLY
2026-08-09 20:58:22	INFO	✅  Starting HTTP Server Using GIN
2026-08-09 20:58:22	INFO	✅  HTTP Web Server Started On Address: 0.0.0.0:1212
2026-08-09 21:04:05	INFO	✅  CONNECTING TO DEPEND EXTERNAL I/O SERVICES
2026-08-09 21:04:05	INFO	✅  tx: &{0x475958f2600 <nil> 0 0x475958bef00 0}
2026-08-09 21:04:05	INFO	✅  hkGBbSbRBj=#$LM6
2026-08-09 21:04:05	INFO	✅  PostgreSQL connected successfully
2026-08-09 21:04:05	INFO	✅  ALL EXTERNAL DEPEND SERVICES CONNECTED SUCCESSFULLY
2026-08-09 21:04:05	INFO	✅  Starting HTTP Server Using GIN
2026-08-09 21:04:05	INFO	✅  HTTP Web Server Started On Address: 0.0.0.0:1212
2026-08-09 21:10:27	INFO	✅  CONNECTING TO DEPEND EXTERNAL I/O SERVICES
2026-08-09 21:10:27	INFO	✅  PostgreSQL connected successfully
2026-08-09 21:10:27	INFO	✅  ALL EXTERNAL DEPEND SERVICES CONNECTED SUCCESSFULLY
2026-08-09 21:10:27	INFO	✅  Starting HTTP Server Using GIN
2026-08-09 21:10:27	INFO	✅  HTTP Web Server Started On Address: 0.0.0.0:1212
2026-08-09 21:14:07	INFO	✅  CONNECTING TO DEPEND EXTERNAL I/O SERVICES
2026-08-09 21:14:07	INFO	✅  PostgreSQL connected successfully
2026-08-09 21:14:07	INFO	✅  ALL EXTERNAL DEPEND SERVICES CONNECTED SUCCESSFULLY
2026-08-09 21:14:07	INFO	✅  Starting HTTP Server Using GIN
2026-08-09 21:14:07	INFO	✅  HTTP Web Server Started On Address: 0.0.0.0:1212
2026-08-09 21:14:35	INFO	✅  CONNECTING TO DEPEND EXTERNAL I/O SERVICES
2026-08-09 21:14:35	INFO	✅  lk: hkGBbSbRBj=#$LM6
2026-08-09 21:14:35	INFO	✅  PostgreSQL connected successfully
2026-08-09 21:14:35	INFO	✅  ALL EXTERNAL DEPEND SERVICES CONNECTED SUCCESSFULLY
2026-08-09 21:14:35	INFO	✅  Starting HTTP Server Using GIN
2026-08-09 21:14:35	INFO	✅  HTTP Web Server Started On Address: 0.0.0.0:1212
2026-08-09 21:15:59	INFO	✅  CONNECTING TO DEPEND EXTERNAL I/O SERVICES
2026-08-09 21:15:59	INFO	✅  PostgreSQL connected successfully
2026-08-09 21:15:59	INFO	✅  ALL EXTERNAL DEPEND SERVICES CONNECTED SUCCESSFULLY
2026-08-09 21:15:59	INFO	✅  Starting HTTP Server Using GIN
2026-08-09 21:15:59	INFO	✅  HTTP Web Server Started On Address: 0.0.0.0:1212
2026-08-09 21:17:00	INFO	✅  CONNECTING TO DEPEND EXTERNAL I/O SERVICES
2026-08-09 21:17:00	INFO	✅  PostgreSQL connected successfully
2026-08-09 21:17:00	INFO	✅  ALL EXTERNAL DEPEND SERVICES CONNECTED SUCCESSFULLY
2026-08-09 21:17:00	INFO	✅  Starting HTTP Server Using GIN
2026-08-09 21:17:00	INFO	✅  HTTP Web Server Started On Address: 0.0.0.0:1212
2026-08-09 21:18:32	INFO	✅  CONNECTING TO DEPEND EXTERNAL I/O SERVICES
2026-08-09 21:18:32	INFO	✅  PostgreSQL connected successfully
2026-08-09 21:18:32	INFO	✅  ALL EXTERNAL DEPEND SERVICES CONNECTED SUCCESSFULLY
2026-08-09 21:18:32	INFO	✅  Starting HTTP Server Using GIN
2026-08-09 21:18:32	INFO	✅  HTTP Web Server Started On Address: 0.0.0.0:1212
2026-08-09 21:19:46	INFO	✅  CONNECTING TO DEPEND EXTERNAL I/O SERVICES
2026-08-09 21:19:46	INFO	✅  PostgreSQL connected successfully
2026-08-09 21:19:46	INFO	✅  ALL EXTERNAL DEPEND SERVICES CONNECTED SUCCESSFULLY
2026-08-09 21:19:46	INFO	✅  Starting HTTP Server Using GIN
2026-08-09 21:19:46	INFO	✅  HTTP Web Server Started On Address: 0.0.0.0:1212
2026-08-09 21:24:10	INFO	✅  CONNECTING TO DEPEND EXTERNAL I/O SERVICES
2026-08-09 21:24:10	INFO	✅  PostgreSQL connected successfully
2026-08-09 21:24:10	INFO	✅  ALL EXTERNAL DEPEND SERVICES CONNECTED SUCCESSFULLY
2026-08-09 21:24:10	INFO	✅  Starting HTTP Server Using GIN
2026-08-09 21:24:10	INFO	✅  HTTP Web Server Started On Address: 0.0.0.0:1212
2026-08-09 21:24:12	INFO	✅  check
2026-08-09 21:25:25	INFO	✅  CONNECTING TO DEPEND EXTERNAL I/O SERVICES
2026-08-09 21:25:25	INFO	✅  PostgreSQL connected successfully
2026-08-09 21:25:25	INFO	✅  ALL EXTERNAL DEPEND SERVICES CONNECTED SUCCESSFULLY
2026-08-09 21:25:25	INFO	✅  Starting HTTP Server Using GIN
2026-08-09 21:25:25	INFO	✅  HTTP Web Server Started On Address: 0.0.0.0:1212
2026-08-09 21:25:27	INFO	✅  check
2026-08-09 21:25:27	INFO	✅  what? hkGBbSbRBj=#$LM6
2026-08-09 21:27:03	INFO	✅  CONNECTING TO DEPEND EXTERNAL I/O SERVICES
2026-08-09 21:27:03	INFO	✅  PostgreSQL connected successfully
2026-08-09 21:27:03	INFO	✅  ALL EXTERNAL DEPEND SERVICES CONNECTED SUCCESSFULLY
2026-08-09 21:27:03	INFO	✅  Starting HTTP Server Using GIN
2026-08-09 21:27:03	INFO	✅  HTTP Web Server Started On Address: 0.0.0.0:1212
2026-08-09 21:28:20	INFO	✅  CONNECTING TO DEPEND EXTERNAL I/O SERVICES
2026-08-09 21:28:20	INFO	✅  PostgreSQL connected successfully
2026-08-09 21:28:20	INFO	✅  ALL EXTERNAL DEPEND SERVICES CONNECTED SUCCESSFULLY
2026-08-09 21:28:20	INFO	✅  Starting HTTP Server Using GIN
2026-08-09 21:28:20	INFO	✅  HTTP Web Server Started On Address: 0.0.0.0:1212
2026-08-09 21:29:45	INFO	✅  CONNECTING TO DEPEND EXTERNAL I/O SERVICES
2026-08-09 21:29:45	INFO	✅  PostgreSQL connected successfully
2026-08-09 21:29:45	INFO	✅  ALL EXTERNAL DEPEND SERVICES CONNECTED SUCCESSFULLY
2026-08-09 21:29:45	INFO	✅  Starting HTTP Server Using GIN
2026-08-09 21:29:45	INFO	✅  HTTP Web Server Started On Address: 0.0.0.0:1212
2026-08-09 21:29:46	INFO	✅  Req ---> /api/v1/license
2026-08-09 21:29:46	INFO	✅  Request took 826.18µs
2026-08-09 21:30:14	INFO	✅  CONNECTING TO DEPEND EXTERNAL I/O SERVICES
2026-08-09 21:30:14	INFO	✅  PostgreSQL connected successfully
2026-08-09 21:30:14	INFO	✅  ALL EXTERNAL DEPEND SERVICES CONNECTED SUCCESSFULLY
2026-08-09 21:30:14	INFO	✅  Starting HTTP Server Using GIN
2026-08-09 21:30:14	INFO	✅  HTTP Web Server Started On Address: 0.0.0.0:1212
2026-08-09 21:30:16	INFO	✅  Req ---> /api/v1/license Method: GET
2026-08-09 21:30:16	INFO	✅  Request took 856.429µs
2026-08-09 21:30:19	INFO	✅  Req ---> /api/v1/license Method: GET
2026-08-09 21:30:19	INFO	✅  Request took 466.103µs
2026-08-09 21:30:20	INFO	✅  Req ---> /api/v1/license Method: GET
2026-08-09 21:30:20	INFO	✅  Request took 357.063µs
2026-08-09 21:31:18	INFO	✅  CONNECTING TO DEPEND EXTERNAL I/O SERVICES
2026-08-09 21:31:18	INFO	✅  PostgreSQL connected successfully
2026-08-09 21:31:18	INFO	✅  ALL EXTERNAL DEPEND SERVICES CONNECTED SUCCESSFULLY
2026-08-09 21:31:18	INFO	✅  Starting HTTP Server Using GIN
2026-08-09 21:31:18	INFO	✅  HTTP Web Server Started On Address: 0.0.0.0:1212
2026-08-09 21:31:19	INFO	✅  Method: GET Req ---> /api/v1/license QueryParam: map[]
2026-08-09 21:31:19	INFO	✅  Request took 999.502µs
2026-08-09 21:31:31	INFO	✅  Method: GET Req ---> /api/v1/license?fix=damn QueryParam: map[fix:[damn]]
2026-08-09 21:31:31	INFO	✅  Request took 428.157µs
2026-08-09 21:31:50	INFO	✅  Method: GET Req ---> /api/v1/license?fix=damn&damn=damn3 QueryParam: map[damn:[damn3] fix:[damn]]
2026-08-09 21:31:50	INFO	✅  Request took 377.799µs
2026-08-09 21:32:04	INFO	✅  Method: GET Req ---> /api/v1/license QueryParam: map[]
2026-08-09 21:32:04	INFO	✅  Request took 341.393µs
2026-08-09 21:36:38	INFO	✅  CONNECTING TO DEPEND EXTERNAL I/O SERVICES
2026-08-09 21:36:38	INFO	✅  PostgreSQL connected successfully
2026-08-09 21:36:38	INFO	✅  ALL EXTERNAL DEPEND SERVICES CONNECTED SUCCESSFULLY
2026-08-09 21:36:38	INFO	✅  Starting HTTP Server Using GIN
2026-08-09 21:36:38	INFO	✅  HTTP Web Server Started On Address: 0.0.0.0:1212
2026-08-09 21:36:40	INFO	✅  Incoming Req Method: GET Path ---> /api/v1/license QueryParam: map[]
2026-08-09 21:36:40	INFO	✅  Request took 933.76µs
2026-08-09 21:36:43	INFO	✅  Incoming Req Method: GET Path ---> /api/v1/license QueryParam: map[]
2026-08-09 21:36:43	INFO	✅  Request took 782.063µs
2026-08-09 21:38:00	INFO	✅  CONNECTING TO DEPEND EXTERNAL I/O SERVICES
2026-08-09 21:38:00	INFO	✅  PostgreSQL connected successfully
2026-08-09 21:38:00	INFO	✅  ALL EXTERNAL DEPEND SERVICES CONNECTED SUCCESSFULLY
2026-08-09 21:38:00	INFO	✅  Starting HTTP Server Using GIN
2026-08-09 21:38:00	INFO	✅  HTTP Web Server Started On Address: 0.0.0.0:1212
2026-08-09 21:38:02	INFO	✅  Incoming Req Method: GET Path ---> /api/v1/license QueryParam: map[]
2026-08-09 21:38:02	INFO	✅  Request took 924.262µs
2026-08-09 21:38:03	INFO	✅  Incoming Req Method: GET Path ---> /api/v1/license QueryParam: map[]
2026-08-09 21:38:03	INFO	✅  Request took 311.008µs
2026-08-09 21:38:03	INFO	✅  Incoming Req Method: GET Path ---> /api/v1/license QueryParam: map[]
2026-08-09 21:38:03	INFO	✅  Request took 297.234µs
